part 1
1. git checkout -b
2. fast fowards only happen if there has not been commits on the original branch while the new branch is being worked on
3. git checkout
4. git branch -D
5. when there has been different commits with changes to the same file

part 2

aaron@DESKTOP-O6BA59C:~/GitPractice$ ls
index.html
aaron@DESKTOP-O6BA59C:~/GitPractice$ cd ..
aaron@DESKTOP-O6BA59C:~$ ls
GitDemo  GitPractice  learn_git_again
aaron@DESKTOP-O6BA59C:~$ rm -rf GitPractice
aaron@DESKTOP-O6BA59C:~$ ls
GitDemo  learn_git_again
aaron@DESKTOP-O6BA59C:~$ mkdir GitPractice
aaron@DESKTOP-O6BA59C:~$ cd GitPractice/
aaron@DESKTOP-O6BA59C:~/GitPractice$ git init
hint: Using 'master' as the name for the initial branch. This default branch name
hint: is subject to change. To configure the initial branch name to use in all
hint: of your new repositories, which will suppress this warning, call:
hint:
hint:   git config --global init.defaultBranch <name>
hint:
hint: Names commonly chosen instead of 'master' are 'main', 'trunk' and
hint: 'development'. The just-created branch can be renamed via this command:
hint:
hint:   git branch -m <name>
Initialized empty Git repository in /home/aaron/GitPractice/.git/
aaron@DESKTOP-O6BA59C:~/GitPractice$ echo Hello my name is Aaron > first_text.txt
aaron@DESKTOP-O6BA59C:~/GitPractice$ cat first_text.txt
Hello my name is Aaron
aaron@DESKTOP-O6BA59C:~/GitPractice$ git status
On branch master

No commits yet

Untracked files:
  (use "git add <file>..." to include in what will be committed)
        first_text.txt

nothing added to commit but untracked files present (use "git add" to track)
aaron@DESKTOP-O6BA59C:~/GitPractice$ git add .
aaron@DESKTOP-O6BA59C:~/GitPractice$ git commit -m "create first_text.txt"
[master (root-commit) 5e38ecc] create first_text.txt
 Committer: Aaron <aaron@DESKTOP-O6BA59C.localdomain>
Your name and email address were configured automatically based
on your username and hostname. Please check that they are accurate.
You can suppress this message by setting them explicitly:

    git config --global user.name "Your Name"
    git config --global user.email you@example.com

After doing this, you may fix the identity used for this commit with:

    git commit --amend --reset-author

 1 file changed, 1 insertion(+)
 create mode 100644 first_text.txt
aaron@DESKTOP-O6BA59C:~/GitPractice$ git log
commit 5e38ecc0dabcc293d7d024a9578a62538db665fc (HEAD -> master)
Author: Aaron <aaron@DESKTOP-O6BA59C.localdomain>
Date:   Wed Aug 24 13:38:25 2022 -0400

    create first_text.txt
aaron@DESKTOP-O6BA59C:~/GitPractice$ git checkout -b Change-text
Switched to a new branch 'Change-text'
aaron@DESKTOP-O6BA59C:~/GitPractice$ git branch
* Change-text
  master
aaron@DESKTOP-O6BA59C:~/GitPractice$ echo WOW ERROR! > first_text.txt
aaron@DESKTOP-O6BA59C:~/GitPractice$ git add first_text.txt
aaron@DESKTOP-O6BA59C:~/GitPractice$ git commit -m "change text of first text"
[Change-text 913a669] change text of first text
 Committer: Aaron <aaron@DESKTOP-O6BA59C.localdomain>
Your name and email address were configured automatically based
on your username and hostname. Please check that they are accurate.
You can suppress this message by setting them explicitly:

    git config --global user.name "Your Name"
    git config --global user.email you@example.com

After doing this, you may fix the identity used for this commit with:

    git commit --amend --reset-author

 1 file changed, 1 insertion(+), 1 deletion(-)
aaron@DESKTOP-O6BA59C:~/GitPractice$ git log
commit 913a6699a5ea827a07da5de95bb1fb446a0515e5 (HEAD -> Change-text)
Author: Aaron <aaron@DESKTOP-O6BA59C.localdomain>
Date:   Wed Aug 24 13:40:02 2022 -0400

    change text of first text

commit 5e38ecc0dabcc293d7d024a9578a62538db665fc (master)
Author: Aaron <aaron@DESKTOP-O6BA59C.localdomain>
Date:   Wed Aug 24 13:38:25 2022 -0400

    create first_text.txt
aaron@DESKTOP-O6BA59C:~/GitPractice$ git checkout master
Switched to branch 'master'
aaron@DESKTOP-O6BA59C:~/GitPractice$ git merge Change-text
Updating 5e38ecc..913a669
Fast-forward
 first_text.txt | 2 +-
 1 file changed, 1 insertion(+), 1 deletion(-)
aaron@DESKTOP-O6BA59C:~/GitPractice$